
Memory Configuration

Name             Origin             Length             Attributes
rom              0x00000000         0x00200000         xr
gfx_ram          0x00900000         0x0002ffff         rw
cpsa_reg         0x00800100         0x00000040         rw
cpsb_reg         0x00800140         0x00000040         rw
ram              0x00ff0000         0x0000ffff         rw
*default*        0x00000000         0xffffffff

Linker script and memory map

LOAD objs/m68k/crt0.o
LOAD objs/m68k/main.o
LOAD objs/m68k/gfx.o

.text           0x00000000      0x25c
 *(.text)
 .text          0x00000000      0x132 objs/m68k/crt0.o
                0x00000104                atexit
                0x00000110                _start
 *fill*         0x00000132        0x2 
 .text          0x00000134      0x126 objs/m68k/main.o
                0x00000134                setPalette
                0x0000018e                draw
                0x000001e4                onVSync
                0x00000250                run
 *fill*         0x0000025a        0x2 
 .text          0x0000025c        0x0 objs/m68k/gfx.o
 *(.text.*)
                0x0000025c                        . = ALIGN (0x4)

.rodata         0x0000025c       0x20
 *(.rodata)
 .rodata        0x0000025c       0x20 objs/m68k/main.o
 *(.rodata.*)
                0x0000027c                        . = ALIGN (0x4)

.gfx_data       0x00900000      0xc00
 .gfx_data      0x00900000      0xc00 objs/m68k/main.o
                0x00900000                sprites
                0x00900800                palettes

.cpsa_reg       0x00800100       0x40
 .cpsa_reg      0x00800100       0x40 objs/m68k/main.o
                0x00800100                cpsa_reg

.cpsb_reg       0x00800140       0x40
 .cpsb_reg      0x00800140       0x40 objs/m68k/main.o
                0x00800140                cpsb_reg

.bss            0x00ff0000        0x8
                0x00ff0000                        __bss_start = .
 *(.bss)
 .bss           0x00ff0000        0x0 objs/m68k/crt0.o
 .bss           0x00ff0000        0x8 objs/m68k/main.o
                0x00ff0000                vsyncCounter
                0x00ff0004                soundID
 .bss           0x00ff0008        0x0 objs/m68k/gfx.o
 *(.bss.*)
                0x00ff0008                        _end = .
                0x00ff0008                        . = ALIGN (0x4)

.data           0x00ff0008        0x0
 *(.data)
 .data          0x00ff0008        0x0 objs/m68k/crt0.o
 .data          0x00ff0008        0x0 objs/m68k/main.o
 .data          0x00ff0008        0x0 objs/m68k/gfx.o
 *(.data.*)
                0x00ff0008                        . = ALIGN (0x4)
OUTPUT(objs/m68k/game.a binary)

.comment        0x00000000       0x40
 .comment       0x00000000       0x20 objs/m68k/main.o
 .comment       0x00000020       0x20 objs/m68k/gfx.o

.note.GNU-stack
                0x00000000        0x0
 .note.GNU-stack
                0x00000000        0x0 objs/m68k/main.o
 .note.GNU-stack
                0x00000000        0x0 objs/m68k/gfx.o
